// Jest Snapshot v1, https://goo.gl/fbAQLP

exports[`App should corretly match snapshot 1`] = `null`;
