// Jest Snapshot v1, https://goo.gl/fbAQLP

exports[`ListItems should corretly match snapshot 1`] = `
Array [
  <a
    className="MuiListItemButton-root MuiListItemButton-gutters MuiButtonBase-root css-cvhtoe-MuiButtonBase-root-MuiListItemButton-root"
    href="https://bower.io/"
    onBlur={[Function]}
    onContextMenu={[Function]}
    onDragLeave={[Function]}
    onFocus={[Function]}
    onKeyDown={[Function]}
    onKeyUp={[Function]}
    onMouseDown={[Function]}
    onMouseLeave={[Function]}
    onMouseUp={[Function]}
    onTouchEnd={[Function]}
    onTouchMove={[Function]}
    onTouchStart={[Function]}
    tabIndex={0}
    target="_blank"
  >
    <div
      className="MuiListItemIcon-root css-cveggr-MuiListItemIcon-root"
    >
      <svg
        aria-hidden={true}
        className="MuiSvgIcon-root MuiSvgIcon-fontSizeMedium css-i4bv87-MuiSvgIcon-root"
        data-testid="HomeIcon"
        focusable="false"
        viewBox="0 0 24 24"
      >
        <path
          d="M10 20v-6h4v6h5v-8h3L12 3 2 12h3v8z"
        />
      </svg>
    </div>
    <div
      className="MuiListItemText-root css-tlelie-MuiListItemText-root"
    >
      <span
        className="MuiTypography-root MuiTypography-body1 MuiListItemText-primary css-10hburv-MuiTypography-root"
      >
        Home
      </span>
    </div>
  </a>,
  <a
    className="MuiListItemButton-root MuiListItemButton-gutters Mui-selected MuiButtonBase-root css-cvhtoe-MuiButtonBase-root-MuiListItemButton-root"
    href="/"
    onBlur={[Function]}
    onClick={[Function]}
    onContextMenu={[Function]}
    onDragLeave={[Function]}
    onFocus={[Function]}
    onKeyDown={[Function]}
    onKeyUp={[Function]}
    onMouseDown={[Function]}
    onMouseLeave={[Function]}
    onMouseUp={[Function]}
    onTouchEnd={[Function]}
    onTouchMove={[Function]}
    onTouchStart={[Function]}
    tabIndex={0}
  >
    <div
      className="MuiListItemIcon-root css-cveggr-MuiListItemIcon-root"
    >
      <svg
        aria-hidden={true}
        className="MuiSvgIcon-root MuiSvgIcon-fontSizeMedium css-i4bv87-MuiSvgIcon-root"
        data-testid="SearchIcon"
        focusable="false"
        viewBox="0 0 24 24"
      >
        <path
          d="M15.5 14h-.79l-.28-.27C15.41 12.59 16 11.11 16 9.5 16 5.91 13.09 3 9.5 3S3 5.91 3 9.5 5.91 16 9.5 16c1.61 0 3.09-.59 4.23-1.57l.27.28v.79l5 4.99L20.49 19l-4.99-5zm-6 0C7.01 14 5 11.99 5 9.5S7.01 5 9.5 5 14 7.01 14 9.5 11.99 14 9.5 14z"
        />
      </svg>
    </div>
    <div
      className="MuiListItemText-root css-tlelie-MuiListItemText-root"
    >
      <span
        className="MuiTypography-root MuiTypography-body1 MuiListItemText-primary css-10hburv-MuiTypography-root"
      >
        Search
      </span>
    </div>
  </a>,
  <a
    className="MuiListItemButton-root MuiListItemButton-gutters MuiButtonBase-root css-cvhtoe-MuiButtonBase-root-MuiListItemButton-root"
    href="https://bower.io/docs/creating-packages/"
    onBlur={[Function]}
    onContextMenu={[Function]}
    onDragLeave={[Function]}
    onFocus={[Function]}
    onKeyDown={[Function]}
    onKeyUp={[Function]}
    onMouseDown={[Function]}
    onMouseLeave={[Function]}
    onMouseUp={[Function]}
    onTouchEnd={[Function]}
    onTouchMove={[Function]}
    onTouchStart={[Function]}
    tabIndex={0}
    target="_blank"
  >
    <div
      className="MuiListItemIcon-root css-cveggr-MuiListItemIcon-root"
    >
      <svg
        aria-hidden={true}
        className="MuiSvgIcon-root MuiSvgIcon-fontSizeMedium css-i4bv87-MuiSvgIcon-root"
        data-testid="AddCircleOutlineIcon"
        focusable="false"
        viewBox="0 0 24 24"
      >
        <path
          d="M13 7h-2v4H7v2h4v4h2v-4h4v-2h-4V7zm-1-5C6.48 2 2 6.48 2 12s4.48 10 10 10 10-4.48 10-10S17.52 2 12 2zm0 18c-4.41 0-8-3.59-8-8s3.59-8 8-8 8 3.59 8 8-3.59 8-8 8z"
        />
      </svg>
    </div>
    <div
      className="MuiListItemText-root css-tlelie-MuiListItemText-root"
    >
      <span
        className="MuiTypography-root MuiTypography-body1 MuiListItemText-primary css-10hburv-MuiTypography-root"
      >
        Creating Packages
      </span>
    </div>
  </a>,
  <a
    className="MuiListItemButton-root MuiListItemButton-gutters MuiButtonBase-root css-cvhtoe-MuiButtonBase-root-MuiListItemButton-root"
    href="https://bower.io/docs/api/"
    onBlur={[Function]}
    onContextMenu={[Function]}
    onDragLeave={[Function]}
    onFocus={[Function]}
    onKeyDown={[Function]}
    onKeyUp={[Function]}
    onMouseDown={[Function]}
    onMouseLeave={[Function]}
    onMouseUp={[Function]}
    onTouchEnd={[Function]}
    onTouchMove={[Function]}
    onTouchStart={[Function]}
    tabIndex={0}
    target="_blank"
  >
    <div
      className="MuiListItemIcon-root css-cveggr-MuiListItemIcon-root"
    >
      <svg
        aria-hidden={true}
        className="MuiSvgIcon-root MuiSvgIcon-fontSizeMedium css-i4bv87-MuiSvgIcon-root"
        data-testid="ApiIcon"
        focusable="false"
        viewBox="0 0 24 24"
      >
        <path
          d="m14 12-2 2-2-2 2-2 2 2zm-2-6 2.12 2.12 2.5-2.5L12 1 7.38 5.62l2.5 2.5L12 6zm-6 6 2.12-2.12-2.5-2.5L1 12l4.62 4.62 2.5-2.5L6 12zm12 0-2.12 2.12 2.5 2.5L23 12l-4.62-4.62-2.5 2.5L18 12zm-6 6-2.12-2.12-2.5 2.5L12 23l4.62-4.62-2.5-2.5L12 18z"
        />
      </svg>
    </div>
    <div
      className="MuiListItemText-root css-tlelie-MuiListItemText-root"
    >
      <span
        className="MuiTypography-root MuiTypography-body1 MuiListItemText-primary css-10hburv-MuiTypography-root"
      >
        API
      </span>
    </div>
  </a>,
  <a
    className="MuiListItemButton-root MuiListItemButton-gutters MuiButtonBase-root css-cvhtoe-MuiButtonBase-root-MuiListItemButton-root"
    href="https://bower.io/docs/config/"
    onBlur={[Function]}
    onContextMenu={[Function]}
    onDragLeave={[Function]}
    onFocus={[Function]}
    onKeyDown={[Function]}
    onKeyUp={[Function]}
    onMouseDown={[Function]}
    onMouseLeave={[Function]}
    onMouseUp={[Function]}
    onTouchEnd={[Function]}
    onTouchMove={[Function]}
    onTouchStart={[Function]}
    tabIndex={0}
    target="_blank"
  >
    <div
      className="MuiListItemIcon-root css-cveggr-MuiListItemIcon-root"
    >
      <svg
        aria-hidden={true}
        className="MuiSvgIcon-root MuiSvgIcon-fontSizeMedium css-i4bv87-MuiSvgIcon-root"
        data-testid="SettingsIcon"
        focusable="false"
        viewBox="0 0 24 24"
      >
        <path
          d="M19.14 12.94c.04-.3.06-.61.06-.94 0-.32-.02-.64-.07-.94l2.03-1.58c.18-.14.23-.41.12-.61l-1.92-3.32c-.12-.22-.37-.29-.59-.22l-2.39.96c-.5-.38-1.03-.7-1.62-.94l-.36-2.54c-.04-.24-.24-.41-.48-.41h-3.84c-.24 0-.43.17-.47.41l-.36 2.54c-.59.24-1.13.57-1.62.94l-2.39-.96c-.22-.08-.47 0-.59.22L2.74 8.87c-.12.21-.08.47.12.61l2.03 1.58c-.05.3-.09.63-.09.94s.02.64.07.94l-2.03 1.58c-.18.14-.23.41-.12.61l1.92 3.32c.12.22.37.29.59.22l2.39-.96c.5.38 1.03.7 1.62.94l.36 2.54c.05.24.24.41.48.41h3.84c.24 0 .44-.17.47-.41l.36-2.54c.59-.24 1.13-.56 1.62-.94l2.39.96c.22.08.47 0 .59-.22l1.92-3.32c.12-.22.07-.47-.12-.61l-2.01-1.58zM12 15.6c-1.98 0-3.6-1.62-3.6-3.6s1.62-3.6 3.6-3.6 3.6 1.62 3.6 3.6-1.62 3.6-3.6 3.6z"
        />
      </svg>
    </div>
    <div
      className="MuiListItemText-root css-tlelie-MuiListItemText-root"
    >
      <span
        className="MuiTypography-root MuiTypography-body1 MuiListItemText-primary css-10hburv-MuiTypography-root"
      >
        Configuration
      </span>
    </div>
  </a>,
  <a
    className="MuiListItemButton-root MuiListItemButton-gutters MuiButtonBase-root css-cvhtoe-MuiButtonBase-root-MuiListItemButton-root"
    href="https://bower.io/docs/pluggable-resolvers/"
    onBlur={[Function]}
    onContextMenu={[Function]}
    onDragLeave={[Function]}
    onFocus={[Function]}
    onKeyDown={[Function]}
    onKeyUp={[Function]}
    onMouseDown={[Function]}
    onMouseLeave={[Function]}
    onMouseUp={[Function]}
    onTouchEnd={[Function]}
    onTouchMove={[Function]}
    onTouchStart={[Function]}
    tabIndex={0}
    target="_blank"
  >
    <div
      className="MuiListItemIcon-root css-cveggr-MuiListItemIcon-root"
    >
      <svg
        aria-hidden={true}
        className="MuiSvgIcon-root MuiSvgIcon-fontSizeMedium css-i4bv87-MuiSvgIcon-root"
        data-testid="ExtensionIcon"
        focusable="false"
        viewBox="0 0 24 24"
      >
        <path
          d="M20.5 11H19V7c0-1.1-.9-2-2-2h-4V3.5C13 2.12 11.88 1 10.5 1S8 2.12 8 3.5V5H4c-1.1 0-1.99.9-1.99 2v3.8H3.5c1.49 0 2.7 1.21 2.7 2.7s-1.21 2.7-2.7 2.7H2V20c0 1.1.9 2 2 2h3.8v-1.5c0-1.49 1.21-2.7 2.7-2.7 1.49 0 2.7 1.21 2.7 2.7V22H17c1.1 0 2-.9 2-2v-4h1.5c1.38 0 2.5-1.12 2.5-2.5S21.88 11 20.5 11z"
        />
      </svg>
    </div>
    <div
      className="MuiListItemText-root css-tlelie-MuiListItemText-root"
    >
      <span
        className="MuiTypography-root MuiTypography-body1 MuiListItemText-primary css-10hburv-MuiTypography-root"
      >
        Pluggable Resolvers
      </span>
    </div>
  </a>,
  <a
    className="MuiListItemButton-root MuiListItemButton-gutters MuiButtonBase-root css-cvhtoe-MuiButtonBase-root-MuiListItemButton-root"
    href="https://bower.io/docs/tools/"
    onBlur={[Function]}
    onContextMenu={[Function]}
    onDragLeave={[Function]}
    onFocus={[Function]}
    onKeyDown={[Function]}
    onKeyUp={[Function]}
    onMouseDown={[Function]}
    onMouseLeave={[Function]}
    onMouseUp={[Function]}
    onTouchEnd={[Function]}
    onTouchMove={[Function]}
    onTouchStart={[Function]}
    tabIndex={0}
    target="_blank"
  >
    <div
      className="MuiListItemIcon-root css-cveggr-MuiListItemIcon-root"
    >
      <svg
        aria-hidden={true}
        className="MuiSvgIcon-root MuiSvgIcon-fontSizeMedium css-i4bv87-MuiSvgIcon-root"
        data-testid="ConstructionIcon"
        focusable="false"
        viewBox="0 0 24 24"
      >
        <path
          d="m13.7826 15.1719 2.1213-2.1213 5.9963 5.9962-2.1213 2.1213zM17.5 10c1.93 0 3.5-1.57 3.5-3.5 0-.58-.16-1.12-.41-1.6l-2.7 2.7-1.49-1.49 2.7-2.7c-.48-.25-1.02-.41-1.6-.41C15.57 3 14 4.57 14 6.5c0 .41.08.8.21 1.16l-1.85 1.85-1.78-1.78.71-.71-1.41-1.41L12 3.49c-1.17-1.17-3.07-1.17-4.24 0L4.22 7.03l1.41 1.41H2.81l-.71.71 3.54 3.54.71-.71V9.15l1.41 1.41.71-.71 1.78 1.78-7.41 7.41 2.12 2.12L16.34 9.79c.36.13.75.21 1.16.21z"
        />
      </svg>
    </div>
    <div
      className="MuiListItemText-root css-tlelie-MuiListItemText-root"
    >
      <span
        className="MuiTypography-root MuiTypography-body1 MuiListItemText-primary css-10hburv-MuiTypography-root"
      >
        Tools
      </span>
    </div>
  </a>,
  <a
    className="MuiListItemButton-root MuiListItemButton-gutters MuiButtonBase-root css-cvhtoe-MuiButtonBase-root-MuiListItemButton-root"
    href="https://bower.io/docs/about/"
    onBlur={[Function]}
    onContextMenu={[Function]}
    onDragLeave={[Function]}
    onFocus={[Function]}
    onKeyDown={[Function]}
    onKeyUp={[Function]}
    onMouseDown={[Function]}
    onMouseLeave={[Function]}
    onMouseUp={[Function]}
    onTouchEnd={[Function]}
    onTouchMove={[Function]}
    onTouchStart={[Function]}
    tabIndex={0}
    target="_blank"
  >
    <div
      className="MuiListItemIcon-root css-cveggr-MuiListItemIcon-root"
    >
      <svg
        aria-hidden={true}
        className="MuiSvgIcon-root MuiSvgIcon-fontSizeMedium css-i4bv87-MuiSvgIcon-root"
        data-testid="InfoIcon"
        focusable="false"
        viewBox="0 0 24 24"
      >
        <path
          d="M12 2C6.48 2 2 6.48 2 12s4.48 10 10 10 10-4.48 10-10S17.52 2 12 2zm1 15h-2v-6h2v6zm0-8h-2V7h2v2z"
        />
      </svg>
    </div>
    <div
      className="MuiListItemText-root css-tlelie-MuiListItemText-root"
    >
      <span
        className="MuiTypography-root MuiTypography-body1 MuiListItemText-primary css-10hburv-MuiTypography-root"
      >
        About
      </span>
    </div>
  </a>,
]
`;
