// Jest Snapshot v1, https://goo.gl/fbAQLP

exports[`Sort should corretly match snapshot 1`] = `
<div
  className="css-1yo1jo6-MuiStack-root"
>
  <svg
    aria-hidden={true}
    className="MuiSvgIcon-root MuiSvgIcon-fontSizeMedium css-i4bv87-MuiSvgIcon-root"
    data-testid="SortIcon"
    focusable="false"
    viewBox="0 0 24 24"
  >
    <path
      d="M3 18h6v-2H3v2zM3 6v2h18V6H3zm0 7h12v-2H3v2z"
    />
  </svg>
  <button
    aria-expanded={false}
    aria-haspopup="listbox"
    className="MuiSelectUnstyled-root css-sv5l2l"
    onBlur={[Function]}
    onClick={[Function]}
    onFocus={[Function]}
    onKeyDown={[Function]}
    onKeyUp={[Function]}
    onMouseDown={[Function]}
    onMouseLeave={[Function]}
    onMouseUp={[Function]}
    tabIndex={0}
  >
    
  </button>
  <button
    className="MuiButton-root MuiButton-text MuiButton-textInherit MuiButton-sizeSmall MuiButton-textSizeSmall MuiButton-colorInherit MuiButtonBase-root  css-u44ztt-MuiButtonBase-root-MuiButton-root"
    disabled={false}
    onBlur={[Function]}
    onClick={[Function]}
    onContextMenu={[Function]}
    onDragLeave={[Function]}
    onFocus={[Function]}
    onKeyDown={[Function]}
    onKeyUp={[Function]}
    onMouseDown={[Function]}
    onMouseLeave={[Function]}
    onMouseUp={[Function]}
    onTouchEnd={[Function]}
    onTouchMove={[Function]}
    onTouchStart={[Function]}
    tabIndex={0}
    type="button"
  >
    Reset
  </button>
</div>
`;
